/Users/kevinalvarez/SCHOOL/STM_IDE_WORKSPACE/Tutorial_1/IoT_1/Projects/B-U585I-IOT02A/Examples/BSP/Src/main.c:85:5:main	1080	static
/Users/kevinalvarez/SCHOOL/STM_IDE_WORKSPACE/Tutorial_1/IoT_1/Projects/B-U585I-IOT02A/Examples/BSP/Src/main.c:238:6:SystemClock_Config	136	static
/Users/kevinalvarez/SCHOOL/STM_IDE_WORKSPACE/Tutorial_1/IoT_1/Projects/B-U585I-IOT02A/Examples/BSP/Src/main.c:292:13:CACHE_Enable	8	static
/Users/kevinalvarez/SCHOOL/STM_IDE_WORKSPACE/Tutorial_1/IoT_1/Projects/B-U585I-IOT02A/Examples/BSP/Src/main.c:306:6:Error_Handler	8	static
/Users/kevinalvarez/SCHOOL/STM_IDE_WORKSPACE/Tutorial_1/IoT_1/Projects/B-U585I-IOT02A/Examples/BSP/Src/main.c:321:10:CheckResult	8	static
/Users/kevinalvarez/SCHOOL/STM_IDE_WORKSPACE/Tutorial_1/IoT_1/Projects/B-U585I-IOT02A/Examples/BSP/Src/main.c:353:6:BSP_PB_Callback	16	static
