/Users/kevinalvarez/SCHOOL/STM_IDE_WORKSPACE/Tutorial_1/IoT_1/Projects/B-U585I-IOT02A/Examples/BSP/Src/motion_sensor.c:39:6:Ms_Disable	16	static
/Users/kevinalvarez/SCHOOL/STM_IDE_WORKSPACE/Tutorial_1/IoT_1/Projects/B-U585I-IOT02A/Examples/BSP/Src/motion_sensor.c:49:10:Ms_Accel_Init	56	static
/Users/kevinalvarez/SCHOOL/STM_IDE_WORKSPACE/Tutorial_1/IoT_1/Projects/B-U585I-IOT02A/Examples/BSP/Src/motion_sensor.c:95:9:Ms_Gyro_Init	56	static
/Users/kevinalvarez/SCHOOL/STM_IDE_WORKSPACE/Tutorial_1/IoT_1/Projects/B-U585I-IOT02A/Examples/BSP/Src/motion_sensor.c:142:9:Ms_Button_Init	16	static
/Users/kevinalvarez/SCHOOL/STM_IDE_WORKSPACE/Tutorial_1/IoT_1/Projects/B-U585I-IOT02A/Examples/BSP/Src/motion_sensor.c:150:6:User_Button_Wait_Stop	8	static
/Users/kevinalvarez/SCHOOL/STM_IDE_WORKSPACE/Tutorial_1/IoT_1/Projects/B-U585I-IOT02A/Examples/BSP/Src/motion_sensor.c:163:6:User_Button_Wait	8	static
/Users/kevinalvarez/SCHOOL/STM_IDE_WORKSPACE/Tutorial_1/IoT_1/Projects/B-U585I-IOT02A/Examples/BSP/Src/motion_sensor.c:175:9:Mg_Init	56	static
/Users/kevinalvarez/SCHOOL/STM_IDE_WORKSPACE/Tutorial_1/IoT_1/Projects/B-U585I-IOT02A/Examples/BSP/Src/motion_sensor.c:212:9:Ms_Init	56	static
/Users/kevinalvarez/SCHOOL/STM_IDE_WORKSPACE/Tutorial_1/IoT_1/Projects/B-U585I-IOT02A/Examples/BSP/Src/motion_sensor.c:293:9:Ms_demo	120	static
/Users/kevinalvarez/SCHOOL/STM_IDE_WORKSPACE/Tutorial_1/IoT_1/Projects/B-U585I-IOT02A/Examples/BSP/Src/motion_sensor.c:495:6:generate_xorand	32	static
/Users/kevinalvarez/SCHOOL/STM_IDE_WORKSPACE/Tutorial_1/IoT_1/Projects/B-U585I-IOT02A/Examples/BSP/Src/motion_sensor.c:581:6:Output_Error	48	static
/Users/kevinalvarez/SCHOOL/STM_IDE_WORKSPACE/Tutorial_1/IoT_1/Projects/B-U585I-IOT02A/Examples/BSP/Src/motion_sensor.c:601:6:BP_ANN	232	dynamic
/Users/kevinalvarez/SCHOOL/STM_IDE_WORKSPACE/Tutorial_1/IoT_1/Projects/B-U585I-IOT02A/Examples/BSP/Src/motion_sensor.c:684:6:train_ann	72	dynamic
/Users/kevinalvarez/SCHOOL/STM_IDE_WORKSPACE/Tutorial_1/IoT_1/Projects/B-U585I-IOT02A/Examples/BSP/Src/motion_sensor.c:689:6:FP_ANN	72	dynamic
/Users/kevinalvarez/SCHOOL/STM_IDE_WORKSPACE/Tutorial_1/IoT_1/Projects/B-U585I-IOT02A/Examples/BSP/Src/motion_sensor.c:719:6:run_ann	16	static
/Users/kevinalvarez/SCHOOL/STM_IDE_WORKSPACE/Tutorial_1/IoT_1/Projects/B-U585I-IOT02A/Examples/BSP/Src/motion_sensor.c:723:6:init_ann	16	static
/Users/kevinalvarez/SCHOOL/STM_IDE_WORKSPACE/Tutorial_1/IoT_1/Projects/B-U585I-IOT02A/Examples/BSP/Src/motion_sensor.c:734:6:init_pretrained_ann	16	static
/Users/kevinalvarez/SCHOOL/STM_IDE_WORKSPACE/Tutorial_1/IoT_1/Projects/B-U585I-IOT02A/Examples/BSP/Src/motion_sensor.c:745:6:fill_zeros	24	static
/Users/kevinalvarez/SCHOOL/STM_IDE_WORKSPACE/Tutorial_1/IoT_1/Projects/B-U585I-IOT02A/Examples/BSP/Src/motion_sensor.c:749:6:fill_number	32	static
/Users/kevinalvarez/SCHOOL/STM_IDE_WORKSPACE/Tutorial_1/IoT_1/Projects/B-U585I-IOT02A/Examples/BSP/Src/motion_sensor.c:755:7:relu	16	static
/Users/kevinalvarez/SCHOOL/STM_IDE_WORKSPACE/Tutorial_1/IoT_1/Projects/B-U585I-IOT02A/Examples/BSP/Src/motion_sensor.c:762:7:relu2	16	static
/Users/kevinalvarez/SCHOOL/STM_IDE_WORKSPACE/Tutorial_1/IoT_1/Projects/B-U585I-IOT02A/Examples/BSP/Src/motion_sensor.c:769:7:relu_derivative	16	static
/Users/kevinalvarez/SCHOOL/STM_IDE_WORKSPACE/Tutorial_1/IoT_1/Projects/B-U585I-IOT02A/Examples/BSP/Src/motion_sensor.c:774:7:relu2_derivative	16	static
/Users/kevinalvarez/SCHOOL/STM_IDE_WORKSPACE/Tutorial_1/IoT_1/Projects/B-U585I-IOT02A/Examples/BSP/Src/motion_sensor.c:782:6:set_model_memory	24	static
/Users/kevinalvarez/SCHOOL/STM_IDE_WORKSPACE/Tutorial_1/IoT_1/Projects/B-U585I-IOT02A/Examples/BSP/Src/motion_sensor.c:789:6:set_model_parameters	40	static
/Users/kevinalvarez/SCHOOL/STM_IDE_WORKSPACE/Tutorial_1/IoT_1/Projects/B-U585I-IOT02A/Examples/BSP/Src/motion_sensor.c:819:6:set_model_hyperparameters	24	static
/Users/kevinalvarez/SCHOOL/STM_IDE_WORKSPACE/Tutorial_1/IoT_1/Projects/B-U585I-IOT02A/Examples/BSP/Src/motion_sensor.c:825:6:set_learning_rate	16	static
/Users/kevinalvarez/SCHOOL/STM_IDE_WORKSPACE/Tutorial_1/IoT_1/Projects/B-U585I-IOT02A/Examples/BSP/Src/motion_sensor.c:829:6:set_bias_learning_rate	16	static
/Users/kevinalvarez/SCHOOL/STM_IDE_WORKSPACE/Tutorial_1/IoT_1/Projects/B-U585I-IOT02A/Examples/BSP/Src/motion_sensor.c:833:6:set_momentum_factor	16	static
/Users/kevinalvarez/SCHOOL/STM_IDE_WORKSPACE/Tutorial_1/IoT_1/Projects/B-U585I-IOT02A/Examples/BSP/Src/motion_sensor.c:837:6:set_output_actfunc	16	static
/Users/kevinalvarez/SCHOOL/STM_IDE_WORKSPACE/Tutorial_1/IoT_1/Projects/B-U585I-IOT02A/Examples/BSP/Src/motion_sensor.c:854:6:set_hidden_actfunc	16	static
/Users/kevinalvarez/SCHOOL/STM_IDE_WORKSPACE/Tutorial_1/IoT_1/Projects/B-U585I-IOT02A/Examples/BSP/Src/motion_sensor.c:872:6:Feature_Extraction_State_0	64	static
/Users/kevinalvarez/SCHOOL/STM_IDE_WORKSPACE/Tutorial_1/IoT_1/Projects/B-U585I-IOT02A/Examples/BSP/Src/motion_sensor.c:939:6:Feature_Extraction_State_Machine_Translation	160	static
/Users/kevinalvarez/SCHOOL/STM_IDE_WORKSPACE/Tutorial_1/IoT_1/Projects/B-U585I-IOT02A/Examples/BSP/Src/motion_sensor.c:1105:6:Feature_Extraction_State_Machine	160	static
/Users/kevinalvarez/SCHOOL/STM_IDE_WORKSPACE/Tutorial_1/IoT_1/Projects/B-U585I-IOT02A/Examples/BSP/Src/motion_sensor.c:1309:6:Feature_Extraction_State_Machine_Six_Feature	304	static
/Users/kevinalvarez/SCHOOL/STM_IDE_WORKSPACE/Tutorial_1/IoT_1/Projects/B-U585I-IOT02A/Examples/BSP/Src/motion_sensor.c:1748:6:Feature_Extraction_State_Machine_Gyro_Backup	208	static
/Users/kevinalvarez/SCHOOL/STM_IDE_WORKSPACE/Tutorial_1/IoT_1/Projects/B-U585I-IOT02A/Examples/BSP/Src/motion_sensor.c:2005:6:Feature_Extraction_State_Machine_Gyro	112	static
/Users/kevinalvarez/SCHOOL/STM_IDE_WORKSPACE/Tutorial_1/IoT_1/Projects/B-U585I-IOT02A/Examples/BSP/Src/motion_sensor.c:2133:6:motion_softmax	32	static
/Users/kevinalvarez/SCHOOL/STM_IDE_WORKSPACE/Tutorial_1/IoT_1/Projects/B-U585I-IOT02A/Examples/BSP/Src/motion_sensor.c:2142:6:motion_softmax_six_feature	32	static
/Users/kevinalvarez/SCHOOL/STM_IDE_WORKSPACE/Tutorial_1/IoT_1/Projects/B-U585I-IOT02A/Examples/BSP/Src/motion_sensor.c:2155:6:motion_softmax_n_feature	32	static
/Users/kevinalvarez/SCHOOL/STM_IDE_WORKSPACE/Tutorial_1/IoT_1/Projects/B-U585I-IOT02A/Examples/BSP/Src/motion_sensor.c:2169:6:LED_Code_Blink_Red	24	static
/Users/kevinalvarez/SCHOOL/STM_IDE_WORKSPACE/Tutorial_1/IoT_1/Projects/B-U585I-IOT02A/Examples/BSP/Src/motion_sensor.c:2215:6:LED_Code_Blink_Green	24	static
/Users/kevinalvarez/SCHOOL/STM_IDE_WORKSPACE/Tutorial_1/IoT_1/Projects/B-U585I-IOT02A/Examples/BSP/Src/motion_sensor.c:2261:6:LED_Notification_Blink_Green	24	static
/Users/kevinalvarez/SCHOOL/STM_IDE_WORKSPACE/Tutorial_1/IoT_1/Projects/B-U585I-IOT02A/Examples/BSP/Src/motion_sensor.c:2279:6:LED_Notification_Blink_Red	24	static
/Users/kevinalvarez/SCHOOL/STM_IDE_WORKSPACE/Tutorial_1/IoT_1/Projects/B-U585I-IOT02A/Examples/BSP/Src/motion_sensor.c:2298:6:print_Z_Score_ANN	72	static
/Users/kevinalvarez/SCHOOL/STM_IDE_WORKSPACE/Tutorial_1/IoT_1/Projects/B-U585I-IOT02A/Examples/BSP/Src/motion_sensor.c:2382:6:printOutput_ANN	96	static
/Users/kevinalvarez/SCHOOL/STM_IDE_WORKSPACE/Tutorial_1/IoT_1/Projects/B-U585I-IOT02A/Examples/BSP/Src/motion_sensor.c:2488:5:Test_ANN_SM	80	static
/Users/kevinalvarez/SCHOOL/STM_IDE_WORKSPACE/Tutorial_1/IoT_1/Projects/B-U585I-IOT02A/Examples/BSP/Src/motion_sensor.c:2576:5:Test_ANN_SM_Six_Feature	136	static
/Users/kevinalvarez/SCHOOL/STM_IDE_WORKSPACE/Tutorial_1/IoT_1/Projects/B-U585I-IOT02A/Examples/BSP/Src/motion_sensor.c:2669:5:Test_ANN_SM_Six_Feature_Gyro	112	static
/Users/kevinalvarez/SCHOOL/STM_IDE_WORKSPACE/Tutorial_1/IoT_1/Projects/B-U585I-IOT02A/Examples/BSP/Src/motion_sensor.c:2764:5:Test_ANN_SM_Nine_Feature_Gyro	152	static
/Users/kevinalvarez/SCHOOL/STM_IDE_WORKSPACE/Tutorial_1/IoT_1/Projects/B-U585I-IOT02A/Examples/BSP/Src/motion_sensor.c:2863:5:Test_ANN_SM_Translation	136	static
/Users/kevinalvarez/SCHOOL/STM_IDE_WORKSPACE/Tutorial_1/IoT_1/Projects/B-U585I-IOT02A/Examples/BSP/Src/motion_sensor.c:2961:5:Test_ANN	80	static
/Users/kevinalvarez/SCHOOL/STM_IDE_WORKSPACE/Tutorial_1/IoT_1/Projects/B-U585I-IOT02A/Examples/BSP/Src/motion_sensor.c:3049:6:TrainOrientation	848	static
/Users/kevinalvarez/SCHOOL/STM_IDE_WORKSPACE/Tutorial_1/IoT_1/Projects/B-U585I-IOT02A/Examples/BSP/Src/motion_sensor.c:3232:6:TrainOrientation_SM	848	static
/Users/kevinalvarez/SCHOOL/STM_IDE_WORKSPACE/Tutorial_1/IoT_1/Projects/B-U585I-IOT02A/Examples/BSP/Src/motion_sensor.c:3414:6:TrainOrientation_SM_Six_Feature	1504	static
/Users/kevinalvarez/SCHOOL/STM_IDE_WORKSPACE/Tutorial_1/IoT_1/Projects/B-U585I-IOT02A/Examples/BSP/Src/motion_sensor.c:3600:6:TrainOrientation_SM_Six_Feature_Gyro	1504	static
/Users/kevinalvarez/SCHOOL/STM_IDE_WORKSPACE/Tutorial_1/IoT_1/Projects/B-U585I-IOT02A/Examples/BSP/Src/motion_sensor.c:3793:6:TrainOrientation_SM_Nine_Feature_Gyro	2168	static
/Users/kevinalvarez/SCHOOL/STM_IDE_WORKSPACE/Tutorial_1/IoT_1/Projects/B-U585I-IOT02A/Examples/BSP/Src/motion_sensor.c:3997:6:TrainOrientation_SM_Translation	2712	static
