../Example/User/embedded_ML.c:40:6:Feature_Extraction_State_Machine_Gyro	128	static
../Example/User/embedded_ML.c:207:6:TrainOrientation_SM_Gyro	1440	static
../Example/User/embedded_ML.c:395:6:Test_ANN_SM_Gyro	112	static
../Example/User/embedded_ML.c:496:6:printOutput_ANN_Threshold	96	static
../Example/User/embedded_ML.c:605:6:motion_softmax	32	static
../Example/User/embedded_ML.c:624:6:LED_Code_Blink_Red	24	static
../Example/User/embedded_ML.c:670:6:LED_Code_Blink_Green	24	static
../Example/User/embedded_ML.c:716:6:LED_Notification_Blink_Green	24	static
../Example/User/embedded_ML.c:734:6:LED_Notification_Blink_Red	24	static
../Example/User/embedded_ML.c:752:6:BP_ANN	232	dynamic
../Example/User/embedded_ML.c:835:6:train_ann	72	dynamic
../Example/User/embedded_ML.c:840:6:FP_ANN	72	dynamic
../Example/User/embedded_ML.c:870:6:run_ann	16	static
../Example/User/embedded_ML.c:874:6:init_ann	16	static
../Example/User/embedded_ML.c:885:6:init_pretrained_ann	16	static
../Example/User/embedded_ML.c:896:6:fill_zeros	24	static
../Example/User/embedded_ML.c:900:6:fill_number	32	static
../Example/User/embedded_ML.c:906:7:relu	16	static
../Example/User/embedded_ML.c:913:7:relu2	16	static
../Example/User/embedded_ML.c:920:7:relu_derivative	16	static
../Example/User/embedded_ML.c:925:7:relu2_derivative	16	static
../Example/User/embedded_ML.c:933:6:set_model_memory	24	static
../Example/User/embedded_ML.c:940:6:set_model_parameters	40	static
../Example/User/embedded_ML.c:970:6:set_model_hyperparameters	24	static
../Example/User/embedded_ML.c:976:6:set_learning_rate	16	static
../Example/User/embedded_ML.c:980:6:set_bias_learning_rate	16	static
../Example/User/embedded_ML.c:984:6:set_momentum_factor	16	static
../Example/User/embedded_ML.c:988:6:set_output_actfunc	16	static
../Example/User/embedded_ML.c:1005:6:set_hidden_actfunc	16	static
