/Users/kevinalvarez/SCHOOL/STM_IDE_WORKSPACE/Tutorial_7/IoT_7/Projects/B-U585I-IOT02A/Examples/BSP/Src/main.c:88:5:main	1064	static
/Users/kevinalvarez/SCHOOL/STM_IDE_WORKSPACE/Tutorial_7/IoT_7/Projects/B-U585I-IOT02A/Examples/BSP/Src/main.c:229:6:plot_single_time_series	32	static
/Users/kevinalvarez/SCHOOL/STM_IDE_WORKSPACE/Tutorial_7/IoT_7/Projects/B-U585I-IOT02A/Examples/BSP/Src/main.c:262:6:plot_dual_time_series	48	static
/Users/kevinalvarez/SCHOOL/STM_IDE_WORKSPACE/Tutorial_7/IoT_7/Projects/B-U585I-IOT02A/Examples/BSP/Src/main.c:311:6:plot_dual_time_series_compass	48	static
/Users/kevinalvarez/SCHOOL/STM_IDE_WORKSPACE/Tutorial_7/IoT_7/Projects/B-U585I-IOT02A/Examples/BSP/Src/main.c:360:6:plot_time_series_compass	32	static
/Users/kevinalvarez/SCHOOL/STM_IDE_WORKSPACE/Tutorial_7/IoT_7/Projects/B-U585I-IOT02A/Examples/BSP/Src/main.c:393:6:plot_time_series_header	32	static
/Users/kevinalvarez/SCHOOL/STM_IDE_WORKSPACE/Tutorial_7/IoT_7/Projects/B-U585I-IOT02A/Examples/BSP/Src/main.c:414:6:second_time_mark	16	static
/Users/kevinalvarez/SCHOOL/STM_IDE_WORKSPACE/Tutorial_7/IoT_7/Projects/B-U585I-IOT02A/Examples/BSP/Src/main.c:447:6:SystemClock_Config	136	static
/Users/kevinalvarez/SCHOOL/STM_IDE_WORKSPACE/Tutorial_7/IoT_7/Projects/B-U585I-IOT02A/Examples/BSP/Src/main.c:501:13:CACHE_Enable	8	static
/Users/kevinalvarez/SCHOOL/STM_IDE_WORKSPACE/Tutorial_7/IoT_7/Projects/B-U585I-IOT02A/Examples/BSP/Src/main.c:515:6:Error_Handler	8	static
/Users/kevinalvarez/SCHOOL/STM_IDE_WORKSPACE/Tutorial_7/IoT_7/Projects/B-U585I-IOT02A/Examples/BSP/Src/main.c:530:10:CheckResult	8	static
/Users/kevinalvarez/SCHOOL/STM_IDE_WORKSPACE/Tutorial_7/IoT_7/Projects/B-U585I-IOT02A/Examples/BSP/Src/main.c:562:6:BSP_PB_Callback	16	static
