/Users/kevinalvarez/SCHOOL/STM_IDE_WORKSPACE/Tutorial_7/IoT_7/Projects/B-U585I-IOT02A/Examples/BSP/Src/main.c:88:5:main	22
/Users/kevinalvarez/SCHOOL/STM_IDE_WORKSPACE/Tutorial_7/IoT_7/Projects/B-U585I-IOT02A/Examples/BSP/Src/main.c:229:6:plot_single_time_series	6
/Users/kevinalvarez/SCHOOL/STM_IDE_WORKSPACE/Tutorial_7/IoT_7/Projects/B-U585I-IOT02A/Examples/BSP/Src/main.c:262:6:plot_dual_time_series	11
/Users/kevinalvarez/SCHOOL/STM_IDE_WORKSPACE/Tutorial_7/IoT_7/Projects/B-U585I-IOT02A/Examples/BSP/Src/main.c:311:6:plot_dual_time_series_compass	11
/Users/kevinalvarez/SCHOOL/STM_IDE_WORKSPACE/Tutorial_7/IoT_7/Projects/B-U585I-IOT02A/Examples/BSP/Src/main.c:360:6:plot_time_series_compass	6
/Users/kevinalvarez/SCHOOL/STM_IDE_WORKSPACE/Tutorial_7/IoT_7/Projects/B-U585I-IOT02A/Examples/BSP/Src/main.c:393:6:plot_time_series_header	3
/Users/kevinalvarez/SCHOOL/STM_IDE_WORKSPACE/Tutorial_7/IoT_7/Projects/B-U585I-IOT02A/Examples/BSP/Src/main.c:414:6:second_time_mark	2
/Users/kevinalvarez/SCHOOL/STM_IDE_WORKSPACE/Tutorial_7/IoT_7/Projects/B-U585I-IOT02A/Examples/BSP/Src/main.c:447:6:SystemClock_Config	3
/Users/kevinalvarez/SCHOOL/STM_IDE_WORKSPACE/Tutorial_7/IoT_7/Projects/B-U585I-IOT02A/Examples/BSP/Src/main.c:501:13:CACHE_Enable	1
/Users/kevinalvarez/SCHOOL/STM_IDE_WORKSPACE/Tutorial_7/IoT_7/Projects/B-U585I-IOT02A/Examples/BSP/Src/main.c:515:6:Error_Handler	1
/Users/kevinalvarez/SCHOOL/STM_IDE_WORKSPACE/Tutorial_7/IoT_7/Projects/B-U585I-IOT02A/Examples/BSP/Src/main.c:530:10:CheckResult	1
/Users/kevinalvarez/SCHOOL/STM_IDE_WORKSPACE/Tutorial_7/IoT_7/Projects/B-U585I-IOT02A/Examples/BSP/Src/main.c:562:6:BSP_PB_Callback	2
