/Users/kevinalvarez/SCHOOL/STM_IDE_WORKSPACE/Tutorial_3/IoT_3/Projects/B-U585I-IOT02A/Examples/BSP/Src/main.c:85:5:main	24
/Users/kevinalvarez/SCHOOL/STM_IDE_WORKSPACE/Tutorial_3/IoT_3/Projects/B-U585I-IOT02A/Examples/BSP/Src/main.c:289:6:SystemClock_Config	3
/Users/kevinalvarez/SCHOOL/STM_IDE_WORKSPACE/Tutorial_3/IoT_3/Projects/B-U585I-IOT02A/Examples/BSP/Src/main.c:343:13:CACHE_Enable	1
/Users/kevinalvarez/SCHOOL/STM_IDE_WORKSPACE/Tutorial_3/IoT_3/Projects/B-U585I-IOT02A/Examples/BSP/Src/main.c:357:6:Error_Handler	1
/Users/kevinalvarez/SCHOOL/STM_IDE_WORKSPACE/Tutorial_3/IoT_3/Projects/B-U585I-IOT02A/Examples/BSP/Src/main.c:372:10:CheckResult	1
/Users/kevinalvarez/SCHOOL/STM_IDE_WORKSPACE/Tutorial_3/IoT_3/Projects/B-U585I-IOT02A/Examples/BSP/Src/main.c:404:6:BSP_PB_Callback	2
