/Users/kevinalvarez/SCHOOL/STM_IDE_WORKSPACE/Tutorial_3/IoT_3/Projects/B-U585I-IOT02A/Examples/BSP/Src/main.c:85:5:main	128	static
/Users/kevinalvarez/SCHOOL/STM_IDE_WORKSPACE/Tutorial_3/IoT_3/Projects/B-U585I-IOT02A/Examples/BSP/Src/main.c:289:6:SystemClock_Config	136	static
/Users/kevinalvarez/SCHOOL/STM_IDE_WORKSPACE/Tutorial_3/IoT_3/Projects/B-U585I-IOT02A/Examples/BSP/Src/main.c:343:13:CACHE_Enable	8	static
/Users/kevinalvarez/SCHOOL/STM_IDE_WORKSPACE/Tutorial_3/IoT_3/Projects/B-U585I-IOT02A/Examples/BSP/Src/main.c:357:6:Error_Handler	8	static
/Users/kevinalvarez/SCHOOL/STM_IDE_WORKSPACE/Tutorial_3/IoT_3/Projects/B-U585I-IOT02A/Examples/BSP/Src/main.c:372:10:CheckResult	8	static
/Users/kevinalvarez/SCHOOL/STM_IDE_WORKSPACE/Tutorial_3/IoT_3/Projects/B-U585I-IOT02A/Examples/BSP/Src/main.c:404:6:BSP_PB_Callback	16	static
