/Users/kevinalvarez/SCHOOL/STM_IDE_WORKSPACE/Tutorial_6/IoT_6/Projects/B-U585I-IOT02A/Examples/BSP/Src/main.c:85:5:main	23
/Users/kevinalvarez/SCHOOL/STM_IDE_WORKSPACE/Tutorial_6/IoT_6/Projects/B-U585I-IOT02A/Examples/BSP/Src/main.c:269:6:SystemClock_Config	3
/Users/kevinalvarez/SCHOOL/STM_IDE_WORKSPACE/Tutorial_6/IoT_6/Projects/B-U585I-IOT02A/Examples/BSP/Src/main.c:323:13:CACHE_Enable	1
/Users/kevinalvarez/SCHOOL/STM_IDE_WORKSPACE/Tutorial_6/IoT_6/Projects/B-U585I-IOT02A/Examples/BSP/Src/main.c:337:6:Error_Handler	1
/Users/kevinalvarez/SCHOOL/STM_IDE_WORKSPACE/Tutorial_6/IoT_6/Projects/B-U585I-IOT02A/Examples/BSP/Src/main.c:352:10:CheckResult	1
/Users/kevinalvarez/SCHOOL/STM_IDE_WORKSPACE/Tutorial_6/IoT_6/Projects/B-U585I-IOT02A/Examples/BSP/Src/main.c:384:6:BSP_PB_Callback	2
